// Jest Snapshot v1, https://goo.gl/fbAQLP

exports[`draw 1`] = `"data:image/png;base64,iVBORw0KGgoAAAANSUhEUgAAAiAAAAFgCAYAAACCOcLtAAAABmJLR0QA/wD/AP+gvaeTAAAIg0lEQVR4nO3dT4ibaR0H8O8kU8m6i6KCSxEEjUoRkSKLzqUwx+zJm44nB0TZY49zzMHDiHvoRZBKdTw19dQ9NZeFgV6yIMuwHnZRRypYdgurFbfVtNtkPMwmTeZP28lkkmfK5wOlybxvnryXKd8+z+/5PQkAAAAAAAAAAAAAAAAAAAAAAAAAAAAAAAAAAAAAAAAAAAAAAAAAAAAAAAAAAAAAAAAAAAAAAAAAAAAAAAAAAAAAAAAAAAAAAAAAAAAAAAAAAAAAAAAAAAAAAAAAAAAAAAAAAAAAAAAAAAAAAAAAAAAAAAAAAAAAAAAAAAAAAAAAAAAAAAAAAAAAAAAAAAAAAAAAAAAAAAAAAAAAAAAAAAAAAAAAAAAAAAAAAAAAAAAAAAAAAAAAAAAAAAAAAAAAAAAAAAAAAAAAAAAAAAAAAAAAAAAAAAAAAAAAAAAAAAAAAAAAAAAAAAAAAAAAAAAAAAAAAAAAAAAAAAAAAAAAAAAAAAAAAAAAAAAAAAAAAMC4hXk/AKfbdno7s/y+eqpPvL6d3oyeZFc9Vb9DABNYnPcDwLOqp5rOpbUn33OxOvMQAsDR+d8bxzKrGZDR8HG+0Tjwnq12O0mydHF9ZiHEDAjAZCrzfgA4isPCx9OuAVAWAYTiDWY/niVgnG800rm09tRaEQDmSwABAGZOAAEAZk4AAQBmTgABAGZOAKFogwLUdmdzuM02yRNftzubClEBCqcRGcUb7H5pdzbT7mwmSRpLy2P3rDcfNyhrLC1/8pn1GT0hAEeliRLHMotGZPVU01xZ2g0WrzVTq9XSfW9z7J7aueV0u91s/bqZdmczzVZnJs3INCIDmIwlGE6F0RmPveFj78/2zo4AUB4BhKIN6jgGSy+51UmSLFTup7J4J5XFO1mo3B+7NrhXDQhAudSAUKzB0kuSNFudfOu73Xztoz/l82f7WajcGLt3p/9q/vV+Jf/o306ztTU8N8bhdABlsn7NsZxUDcjo4XO1zzzIF+u3c/brf3imz77/lx/kC2d/nJ3+i9lqt0/0cDo1IACT8Y8nx3ISAWT07JeFyv08/Hg9L33u5pHG6Pd+lkf/+/6JhxABBGAyakAoyt7wsfjCG0cOH0lSqV7O4gtvZKFy3wF1AAUSQCjG3lNvq2feTaV6eeLxKtXLqZ55d1qPB8AUmT7mWKa5BFNPdbidtrJ4J2c+/cOpjPvxf6+l/+jl1M4tT30ZxhIMwGTMgFCE0aLTJKmceWdqYw/GsgwDUA4BhGIMll6SpFJ9e2rjDsYaHR+A+RJAKM5C5f6+Ph/HG+/G42ZlABRBAGHu9i6/LFTuTf07TmJMACYngFCEWS2PqAMBKIMAQlHWm2v57W9+OfVxd/ovJVEHAlAKAYS5Giy/bLXbw5+99os/JsmtaX3Hw+43s9N/cVrDATAFAghF2DczsZPNaY390T+/Mq2hAJgSAYS5O3BZpJLfT2v8D299eVpDATAlAghFWjibzTePfgTMPm/eTP59+7PD9yfRDRWAoxNAmKvt9FI7t5xktwB11NXryZ0Pzk489r27F3L1usJTgBIJIBRjrbmextJymitLSbJz5Wpy/dqXcu/uhSOPde/uhVz8+c389HtrT78ZgJkTQCjK+UYjjaXl4fsP/r6Y7bdeSe/B6888Ru/B69l+65VcuTo++2H5BaAci/N+ANhr6eL68HWz1Umz1UmSPPzrtVTOvJNK9e19rdp3+q+m3/tO+h9/O/1HL6f7nw9n+swAHI0AQlEG/UC200s91WxsbGRlZSVJ8qlabXjfT36UfOOru6///LfkytUbScZDyWh7dwDKIoAwd7uFqNV039vcd20QPpKk2+0eOsavfrf7d6vVSpKsrq4qPgUomBoQijDYDbN0cf2pdRqDkHGQQWDZ2NgY7q5JMtZpFYD5E0AoxnZ6ExeJjoaS0VmTZDd8PEuwAWB2LMFw6qysrKTVag2DxmEzIqOzIMIHQFnMgHBq1Wq11Gq1rK6u7rs2uhQDQHnMgFC0Wq22r/i01WpldXV1bFajvlrd99mDggkAZRBAKFrn0lpqI9tvBw5aUtkbOD7pqDrsIwJAOQQQina+0Ujn0uP37c7moYFiEDgGBh1VBRCA8gggFG+0n8eTdrM0lpYP6f2xfsDPAJgnRaicGpP08tD/A6BMZkA4Fbba7bQ7m0+8Z3D9fKMxDB76fwCUaWHeD8Dptp3ezkmNXc/+9uyHnWhbz/5dMAMnGUDqqfodApiAGRCeGwf1/LAVF6BMAgjPhe30Ul+tjvUMqdVqll8ACiWAULTRA+WS3VmO+mr1wGCxnV5qterYewDKZBcMRaqnmo2NjXS73bE/TzM40E74ACibAEJxBuFj76m2ADw/BBCK8qTwcdAZMACcTrYQcizT3oZbT/XApZZSw4dtuACTUYRKUfYWku69BgAAAAAAAAAAAAAAAAAAAAAAAAAAAAAAAAAAAAAAAAAAAAAAAAAAAAAAAAAAAAAAAAAAAAAAAAAAAAAAAAAAAAAAAAAAAAAAAAAAAAAAAAAAAAAAAAAAAAAAAAAAAAAAAAAAAAAAAAAAAAAAAAAAAAAAAAAAAAAAAAAAAAAAAAAAAAAAAAAAAAAAAAAAAAAAAAAAAAAAAAAAAAAAAAAAAAAAAAAAAAAAAAAAAAAAAAAAAAAAAAAAAAAAAAAAAAAAAAAAAAAAAAAAAAAAAAAAAAAAAAAAAAAAAAAAAAAAAAAAAAAAAAAAAAAAAAAAAAAAAAAAAAAAAAAAAAAAAAAAAAAAAAAAAAAAAAAAAAAAAAAAAAAAAAAAAAAAAAAAAAAAAAAAAAAAAAAAAAAAAAAAAAAAAAAAAAAAAAAAAAAAAAAAAAAAAAAAAAAAAAAAAAAAAAAAAAAAAAAAAAAAAAAAAAAAAAAAADxH/g92A+tBgH+59gAAAABJRU5ErkJggg=="`;

exports[`draw 2`] = `"data:image/png;base64,iVBORw0KGgoAAAANSUhEUgAAAiAAAAFgCAYAAACCOcLtAAAABmJLR0QA/wD/AP+gvaeTAAAFEElEQVR4nO3bPYudRRgG4Hv8iBhZAskuRCHE2kIIijaCYMDCKhAMKUQMEkGLNAHtxMbGQgRBU0RFbMSAmCpooz9AEZtoymS1EUHFmIgWt8W+kXg8fiSsexb2uuAUZ+aZ5505nOJh3pkEAAAAAAAAAAAAAAAAAAAAAAAAAAAAAAAAAAAAAAAAAAAAAAAAAAAAAAAAAAAAAAAAAAAAAAAAAAAAAAAAAAAAAAAAAAAAAAAAAAAAAAAAAAAAAAAAAAAAAAAAAAAAAAAAAAAAAAAAAAAAAAAAAAAAAAAAAAAAAAAAAAAAAAAAAAAAAAAAAAAAAAAAAAAAAAAAAAAAAAAAAAAAAAAAAAAAAAAAAAAAAAAAAAAAAAAAAAAAAAAAAAAAAAAAAAAAAAAAAAAAAAAAAAAAAAAAAAAAAAAAAAAAAAAAAAAAAAAAAAAAAAAAAAAAAAAAAAAAAAAAAACA69H21raXFj0PAP7qhkVPAADYehQgAMCGU4CwUF3zTNuzbX9o+27bHW0fb/t224Nt32h7W9uLM2P/aGu7u+2bbd9qe7rt8SlstD3e9tyU/522S9OYR9t+1/aXth+33bnBywfYshQgbAYrSR5JckeSs0lenNrvT/LVGOPJfxrcdiR5L8lrY4wjSQ4k2Z/koSTbkiwleTjJniTfJnk+ScYYp8YYy0l2Jbmc5Kn1XRYAsCm17cz3lbYXruyAXNX+tzsgbfe1/WSm7+m2r84eQm17Z9tzc+ZxrO3r67IoAP7VTYueAMz4McnyNY7Zm+TB2WImyftzYr+/kr/t0SSHk9yVtV2Yk9f4XACuk1cwbDa7kqzOaf8tyba28/6zq0nOjBlJHpsTu5LkQtv9SZ5N8lKSfUmOrc/0AfgvFCAsXNv72t7SdneSQ0k+mo0ZY/ya5MskT7Td3vbuJK9M3V8kWWr7wNS31PZwkueS3Nj23in/cpKjST5IsiPJN0k+z1rRc+j/XicAsElMt2A+bPtz26/bvjwVEX86AzLF3tP20yn2s7ZHrroFc/t0a2a17U/T+Y+dbS9P+S+2Pd/2hbY3T59TbS9NuU62PbGYXwEA2FBzzm0AsAV4BQMAAAAAAAAAAAAAAAAAAAAAAAAAAAAAAAAAAAAAAAAAAAAAAAAAAAAAAAAAAAAAAAAAAAAAAAAAAAAAAAAAAAAAAAAAAAAAAAAAAAAAAAAAAAAAAAAAAAAAAAAAAAAAAAAAAAAAAAAAAAAAAAAAAAAAAAAAAAAAAAAAAAAAAAAAAAAAAAAAAAAAAAAAAAAAAAAAAAAAAAAAAAAAAAAAAAAAAAAAAAAAAAAAAAAAAAAAAAAAAAAAAAAAAAAAAAAAAAAAAAAAAAAAAAAAAAAAAAAAAAAAAAAAAAAAAAAAAAAAAAAAAAAAAAAAAAAAAAAAAAAAAAAAAAAAAAAAAAAAAAAAAAAAAAAAAAAAAAAAAAAAAAAAAAAAAAAAAAAAAAAAAAAAAAAAAAAAAAAAAAAAAAAAAAAAAAAAAAAAAAAAAAAAAAAAAAAAAAAAAAAAAAAAAAAAAAAAAAAAAAAAAAAAAAAAAAAAAAAAAAAAAAAAAAAAAAAAAAAAAAAAAAAAAAAAAAAAAAAAAAAAAAAAAAAAAAAAAAAAAAAAAAAAAAAAAAAAAAAAAAAAAAAAAAAAAAAAAAAAAAAAAAAAAAAAAAAAAAAAAAAAAAAAAAAAAAAAAAAAAAAAAAAAAAAAAAAAwNb2Ow1qeH93s2dWAAAAAElFTkSuQmCC"`;
