// Jest Snapshot v1, https://goo.gl/fbAQLP

exports[`prueba 1`] = `"data:image/png;base64,iVBORw0KGgoAAAANSUhEUgAAAMgAAADICAYAAACtWK6eAAAABmJLR0QA/wD/AP+gvaeTAAAgAElEQVR4nOy9eayt+3nf9Xl+wzusYU9n2nfdwddOcm0ntuskbWlC0wFVNK2CUBEGpSq0gGREIaBIAUREEQJRgUCU1OofLaIIUNWmSSsxJS2iFRAhF9PQZqhdO02MHXvfc8+0hzW8w294+OO39j773tybunAOx/tmfaWlvfY77Xft9fu+z/w8sMMOO+ywww477LDDDjvssMM/KORF38AO70+4F30DzwK/9/s+9vtz1v86pHgym01PDg/nJ/Pp/H7bNie+Mide9CSHdHJhuvuf+cxPDy/6fne4OXhfEKSetIs4hqM85iNj5GMiBoygImgWlIwR2M8N//a//AceZeUkaLyfcjrRpCfr1frk8aOz+2cXmxMN6eTcHJ387M/+bHjRn2uHF4/3BUEq6xeRgBGDMeUlYkAhp0jQgOSIqgJyG2Nvp5w+kVIix0RKiYwiAra2vNIMvPS7PvZoM4wnYtPJwbw+aavqfgzpZLWOJ2OKJ65y9986n+yI9D7H+4MgdXXchx6bBecuSSIoSkqRnEZUA5oT1nisGFSVcRwJw8gwDuSsADjnqJuKmPPtIYXbqnxCsyKqGARjBKsGL5ZXD0de/t0ffuCMuZ8wJ90QT2KMJyGkk9Oz4f5qyCdjDicnJ09OgPRi/0s7/L/B+4IgR4vbC/NYGTcbvK+w1oJA1kiOIxoHUuiBTFMbvLUImXEMbNYbxhAJsUgYJZPSSFJFRDFGECnEEGeoG9AhoySssQj2rqrezUk/EWImJVAVkOI3qIzhQ4sjBPcgiZwYKydNZe7Pa3vSVP4kaD4JIZ20t6r79+798slP/MSOSN9MeF8QpKmbRVPXeAFra5wrHyvmSBh7xs2G2HdYk6ntBGccMWfGMXKx7hlDJEclpoxNQoiBmDMIeO+oKo9zlqxQGQEDmhUjgsESQmTsRvp+hFwIhRhUI9YI3nvCkO9GzXetyCfJQsqQMuSsKEIjyre89J38+T9968G9u/VJNTEnWE6iiSdBw/0k6WTM+URkPPmBf+SzJyLoC/63/4bA+4IgYlhYa3BVhbEV1jrECDkk+r6nX27I65659zRzYeIqEAsY+pBYdyOaMqqZjMdYiypAxjiLiJAFFMUYpa3d9hilchXDEOlDwo3F35xiJufyqitHZT3j0JFyggjJCmMQskLKqdxrMgw99D13Q3R3bfKfVJNJWUlEgkIGbHL89E//Dn7qv5P7RHNC9vdFDk6s3Drx7taJc0cnpprdn07qk09+7x/++gv9Yt4HeF8QxIhZWFchNmNNUbGKQQ4pBnQc8GFkv6rYF8PM16iTclxWxjEwjrHYLmIIMeCdAxVQJefMGLUQKGcsBmtkK1kcSRP78wbVSExK1yesAcjEMOKkEM4ag0FBhJAyWSGr4r0Qg2F5rpyeBvYPLaZuUMlEEQYSI5moikuCTwZJ5pgoxxaPiEGNYLIUW0mVGAz/18/8+B/8ru/7p//8C/1ybjhuPEF+9Ec//ZIhUTUN5EtD2qApISJ4MTgR2soybxtm0ynTtmWMGbO1VWJSYgYrQsyK5oy1FmMcxkKMgZgE3UoFyUoIkanM6IeOvu8gK95ZVt1AN0TEWsQIKQdCKKJlUhkAnLWEmDFWAIOzhnFMPHy44slxy73OUs9qkMwo0MlInxMxKy6CyxabLZINog4jgrOZpBFvAjkG1ASM6MmL/XZuPm48QZrGLnIU6rohp4RRikqEYkWojcU4z8xapvM9Jnv71JMG23WogZwTkg1W2BrdQkiRikRV1XhnGMeOEBIpZQC8seScMSYQUybERLfpCVlYbhL9kHHO09SOxlrqpmIcRg7mHhCGMbPulLox9L0yhkRIidnE0PWOdWeoRwvGECTT41nlRI4Zn4RK/ZYgAtmCZFwOBDtSSyAxkNRiRe+/2G/n5uPGE2Te7h3HXEIRMQQkK6pKzGn7ZLU4b2msYzJvaeZTmtmUioTzBkRxxiAGnLN4b7CeElw0ICg5QwiJcQhoNtiZx1vHMESM9RhRQlC6MZOzUjmYNwKVQwzUjcUfTDiYVIQU6YfErHX4ynG+jHQxMQYISVitA0/ONrj9Kc45grWscsUyKToKtQoqHhcNJmdyymQS4iLejoy5p86GOhtELnYS5P8jbjxBqpqFCRCcINmgFIJkY7AUd2vlhMqXJ3kzm9LuzZiYzGzW0jY1faVIBu8MVeWpaoNzShgD2VjQYpuoCinBOIIqjONA3WQgUlUGYwWxSuUNH7i3jxE4W/dMJhVt5TAxIqYhZRhToq49h/uZs+WazSYSY+LBkyXtw4rmYMasmjNWQpctfXJoVMiCzTUmg+ZI0MigkZQHjO1osqFNmTbkiz/0B//Y8kV/PzcdN54gzuoiR8WIYiSjpixeJ4IXxZiMt0rlShDRtxX1dMZc4Ohgn4P9GeOQGcYRkXJMXVWoBvpuQChuWuc8zikoxWvVjYgBkYz3sD+vMdax7Hrm05qXF4cMQRn0nLpyNHVFpMcai7cGj3Iwn2Gt4fx8yfmy58nFiqHvOT9bsjrd4CfT4ssVEBVEDT5b2mSpsyGoEDKsdaDTnqzCJGXmRIKMO/XqGeDGE8TktJAcMCSsKNnIVoIo1iiYjJUEakDAOEvdNEzJHO4fcOfWIXFMLC9K/EN1JMRcJERMaFbECM46vPOIJFQzIFjjEIG2rbh7+xBjBXd2wbStAMt6GLlYB8KYiQHGMWGMYoyhaSt8VdM2nhACOWeaZo9hjBAiFxcr7GxCbT1U5YsyGLwabMhohigQgV6V8zTS50zNSKcDs1zt1KtngBtPEFJcSE5YcrFXtQTfRBJIwpAREmIcYgWxFmNL8G82m3J4eMAwDBgDm82GkBPGCDkVdywCmUzWhJiMUSVlxXuDWEOICe8de/MpABcXHUOfeXI28OaTFadnG7rKUvniAk4xYYxhfy/T1is2G8PQd0wmNfPZIV0XeHh6wVe/8oi3Hl9w57Uj9l7Zw9QGqxayobgKMikn4tYFvNSBMzpQy3ocmI87gjwL3HiCGDg2KFYgSgYxRR0BZBsLEYrRnVSvYg/GCHVds7c3Zxg6VCNJA7kHRLbqlgMEIyX4F2MixBIwzCRELVmFGBNoIVbXj1yse1Q6zlY9q01PSDUuKH0/oklx1hNjYhjWzBrD4f6Eqp4TsJyt1jx4sKJulKPawJM1ca/CH00x1mCNwYqWJwEQNdMROJWe+4ykZFiHwP7odwR5BrjxBEF0cRkUNAYUIedtLpQaUEtOjqTFHWpygDhiTKKpPXvzKTkfgmRCSmTdEFMuLmNjEBGsSfjac/oose4SWJAxgxWMtZxrx1uPTplPW1bdwIMnG2IyDCFunQYRI4lhCBgs1oykFOj6jNxqODhoOTtf8eDJwOnZGR+42/Lq8Yz9aYO6ii5B0IzBYISSa2YUmxVJMGrkjJ636BhV2KTAudqdDfIMcKMJoor82R9jAZe5gQbBIgYwUmpCzPbglNFxJHUdeRyRRqiriulkCgpJZeumNTy5OEdVcSIYB9/+4VdonfKrX36LL/3qhmWXUBFiyOQcMcnylftnzOYd6yFw3kVSFCRHrDMMccQ5RwzFdhGTsE6ZuAbF8NX7S07PEv264+PfdsRr9xoOJo68jcLXzjKgJM0kHFk8DsGaYrjHrGwksdJAUKUWQzK7IOGzwI0myH/2xz997HxPiJGYEwmBbUpGQsFYjHe4ytNYg0mJ3PekvsPWM5ytqHzN6AN109A0DbNZIqKszYYcErduH/Kbv+u7GZ58jeNqZG9a8be++IDz3iExM/SBlXbU1Yyvv9ljrSfEWBIUu4SXmmHsMXakqh0xCTFn5vMKq8L9x2s2HYyj4aOv7fHR1w7wdkQzrNcDTSx5YIEMasjGkHGQDWgiY4gYRjFoVhxKDXjHjiDPADeaIMu0WhBhzImUBcQhpJIoGBMGSlJh5VEETcrQDwx9h20qYlRCyoQYyapYa/HeU9c1KUVGG2naKWP0YFuiKh99fcIHjj/M3/78CZ//v8+IQAyKEc9m3TOdGpwmJpOai77YPiKePkJlE3VtyL1lPqk5O+15fJGQKBztKb/1E3fRsMS4Cd0mcHG+wR9YsMKAggqjCkEsxghBLVEt2TgEh8diJGM1IibuCPIMcKMJElUXQTNjjsRcCqQEIeeM5rhNDATfODKOaC1DGOnXS6yBFBPL5QXrbkXX9XTjQNCEcQbX1KhxBIU3Hz3heD7FT+4QNo8Q3fAPffIV7t474HO/8HUengmPTztiKq7hypbFWlU1Qz+gWGKOGM3szSq6TSSMikYw6miawD/6PW/g00hSQz/Aw8dLurOO24d7DCqMohiFEWVUSjxGlCgGjMOqo1aLEjEy8qRZ7QjyDHCjCeKNXUiCTIlx5Fw8TKiSVBkkk63B2IreWM6c4McVzanBbTaQM8OwIcSBcRhZx5FRI1mU4CwRw0YTj84vmPkDbHUIyZA5Z7m54O5RzSc/8To/87mv8mQ5okbRjVJbQ2OU3hpWMSBkjM1URjAImmHVZS42ijWG73jjLi/dnXD+8BHW1jx+suLBow1NVtQb+iEheCARNTIyAIZBlU4MPcUFPMWSs1JbvXjrX39r/aK/n/cDbjRB9prqOMREFUpEOWVDVgiaGCSRFPqYGUNAJWFNxGxWuIsLvJ/gvMdYgwgkhOgcISeiCkGFaEtV4sPlOa2FW60hpIjaCcYLOfcc7NUsFkc8/LtvEmPGiuFo3+O8gkSscSWl3Vma2hHGRIiZs+XAGDOH+xUfevWQRw++htWanKEfYbmM2AaC6pUjQK0rzoGsoIlBMh1KL8WlvacGh8Mx7qTHM8KNJoi3ZmE0QxIsghpHzkLIgshATBHbjzAMoBTPFhm1As2IbefU7RTjKqQyTJopXd+z3KwZ12tijBgrDEFYdp5aDWG9JI66jahvGNOAkwFvEykKVe2pJo4hBLJmvPcMY0DFoGJLdJ7EOGQUaGvIoWOzXuMMrDY9j057Qsw47xlSYugGXKyoRXC6de8iJdUFRQCPUElFLYoR2RHkGeFGE4SQFjkmNJRUEmMUyULKGQkRGQfMsMH1PSLgraWyjtpX1M5T+wbva4z3GF+ezhuFtFmz7DaErsM3xWh34jBiyVl4/OQRMUbqCmLIxL5nf2Jxo9LWEMaRdTcSkymp6B4qrzirxAi1FypnyBksidX5KY0Iq3XP6cVIN2SmrWU2b9gMSr8OHKqlSkKdlUoTIhYvikdpVJnhaKSmFhDMLgbyjHCjCZJjXuQQyTGhqoixlDrWVF45Y1AqZ2mqiqaqqI2nchXOT7C2wkgJBhoR1JQU8th1jMue2HcImXpf8NajxoBYjLN463CirFbnxC6wP/UYN7I3AcmZYCxdKq2Epq1nNoXKWuKQsLXBW4MmpdYIvaE5mJIx1L0lpogjYSvLahMhKF4tNUKdAjZHkhhUM0YCNcpMLF6Vmox1ZidBnhFuNEFiiItxiMQYiwrjLFAq+bz3NNM5rp1iraWtWmpbUVEM5SyQjJA0k2Mkp0A/BpbLJZvlhtgnXLaYpDhjcVVFIuHqhqqZMJ9PYehYnZ0zn3isGjZjpKkEo5ZMyeNabUZCCEynU/pOUZTDucekiDHKvUPHnaMZk/mcfJ6oq8QYI9OmwdWOzbLnyFmmxuBTxsWIJC35WDZjTKSxIMZh0OLqZadiPSvcWIIoyH/UD8fjOBaVylVlIfsaS4VrGhoRjPPU1YS6mlC5CgNoiIyxpxvW9ENfsnO1ZNlaa5lMKsLQEMPIpPVYa6mqCjSwd3hEO50zqQ1h9RjiEebJOa6z3H80EEPCGU9VCX5MOGsZhkQ3JJ6cBWorHN+u8WrYm9S8dHfOfNqwXJVA53x/wmSvYT5vGYcNYgwH0ylVVnwMuBAwSRBRXI7UFibisSRIsVRUsgsSPivcWIL8Bz/8A4vY96SUMM5TtTPq2ZyqmuCcKw0SKk/dTKirKZN2hhFDDIGx7xmGFb5vcd2amEpwMaZIVTVMJhP25h390GGBum5pKo9iyXHDfP+AqcuMssbkOWPuUQeg1LVn7DNSWc4vNiQEETg7T/S9sncAB1M4nE25c7jP0eERq81IvWeQabFNKm/ph57lZslsPmN/PseqxeYRFyISEpaI99BIRcwGyUrKpR2RSN7ZIM8IN5YgQ44L1JQUkeke9fyQdrZP1UypfE1V1VSTlslkj7adYYwhxcg4DIzdin7wVEPNZJxftehJqbQhHYaeYRjKz67HieKMkBROT59gU8d0VhG6sj+PgAasM0xaR4gRIwLqmcwcWUfeejJQZaG2FXnsqH3DpPIYtfhqysHhfumu0nfklLjoO8ZhZHZ0i9lkijEJyUIVIzpsSDri1VEbyyCRAMVTp4qRvJMgzwg3liDT2d4xYmlne0xmh0xnh0yme/h2gq9r2nZG007wVY21HoAwDiCgGsBmnLe0qZToltdTooQw0g8D3WbD2K0wooybC1Qz3WaJBOiWZyxXS2JUhiGSNRGDctFFqgx1a2mkYjpxvPnwMdl6UCEGJY2ZbtMRh0g9u0Vcd4T1Oeu+NLJbnZ0hSZGsODVIjsgY8EPAjANCIBuIMiIZjPGoUrxbdrkjyDPCjSXI/ODewjrHdO+A2fyQ6eyApp3hm4Z6MqVtZhjjUI2olkUf48A4bkgpIBmccWyzNhB52mJUVYkpMQwDvmoYqoo0blhdPGa1XDLkjr4ScuiIcQTxDAPkmElJUBWiiQxZGLoAzrE3m1LbjJVMDMJ6tYY00HhLPj/HVVOGbiDEAayj7zpUHaKZsevxEqhCoskOl2qsGAjQEzEqOCuAkMVf/Cc/+vO7KPozwo0lyOGtewtfNUz2DpjND2jbGVXdUrctdTPB2YqUIl0/0HUdfd/TdSuGYU0aA5IyZCVrIiuINRhrsc5uO8MrIgZnHVq3RDLGOHJKjOOATYrmsahl2dH1GWcdY9BtNWLphGKInK1GjCpHU8O8EnLK9F0s1Yk2ElJgvVkSQ6CuFN+0JAWcYI0ybDqq1uOyIceMyYYKT0BxClYT4hLWCFl2Lt5niRtLkP2je4uqbpjOD2im0+KpqifUTYMxjhgTXddxen7GerViHEf6Yc3Qr0nDiKRMjoEYxlKiaw3WOZwtcQ4xlowSYySnTEpK14103chk20QhJUuK0I+JrsvbhnAKCbJaWiPUdWbZRXJSvBVab3DGkzPEUcDCGAP9ENAsRFWII9lY/ISS2pJGNEIMiahaUk0okkpzkYFZI+rA7epAniluLEGm+/vHlauZTubUkxlV1VL5FjHCZrPm/OKM8/NTzs6fsFlvCCEwhoG+X5KGAQmROGzouw1hjJBzkRiu1I9Qe9QWt29d10ybGtVEDCOj9jg128bTkLKW7vBZ6fpMSEomU9WlsrEP4MSRswERrClJhSGWhhDWG2bzhm4Qln1mtYlEjTTDQNMGDGBVKbklnix529dXSTmXLM2kJED8jiDPEjeWIMbVi6qd0c72aNopxlhyTpw+esLJm7/K6ekjlsslZ+fnjOOAMRZrDCGOxGEgDwPDeslmfcGw6YnDSE5lEpV4S/QGnGM+n3Hr1hHt3XvMplMODw/RdSLFoeRqOVMi65VlPfQMGyFTMeZE5aAblZDAeIi6bVitGUEYsxDHUh9PUoYxsR7grBOsWAyQooAW+0iMBYSkUjo6aiGISmm8HSST8i4G8ixxYwlSNZNFM5nTTvZLB8LQ87Wvf4UvfukLvPnm1zg/P2O5XNN1HW0z5fadW0wnNc5nQohsYs8mjHQxMyQlBMgR0IgOPaOWwF3XD9RNja8q9g4OOHvYMA5CvxnKwrceVzWI7bHWlvwrLU0VcoaxSxxOfBn6sXUChG2NeRoSrbdUThGbMM6VunkjeOewDmzlUGtRSr/hmBIKjGSGnBlTIkoimcQYE5G0i4E8Q9xIgqiq/K2f/9+Op9MS44hhJGviK1/9Er/4dz7Hm/ffYrPuSalMjKqqBueEl165xeHBbTZDz+PTJ5w+fszp6SnnZ6esLs5YrTrGIaFBSSkBlnGIpKy07YRq3vKFzwdku/gfnUUerp/woQ++xBAi3teMMRJCqTmP0WI18dKe4VFXJIerGs6WAzEphoxxBsmGoI631onzTSImQ6wDdVOxvzenaSpUM9E6cL50d8zKaLdEAwLKSCTmXSXhs8SNJMiXvvTZRV3XTCYlzyqlMsrg1VdfZ725wDrPydffpNuMWOuoW+VjH/t2vvM7fwvz6R3GFFh1S1YXTzg9fUQ/bMhxYN0teXR2wS998Zf5ub/5s+RRyVlwtmLSttw+OmDSHrEZe3IlrMZznK0RNdS+JqpgGAlJmLWGYQVHRy139i0P1qXbPLbl/umaqJn9qWVvCrFu+OqDgTfPMymCNcKoyvHxhKNbM+rGIqnYMDlb0JFsHWhEXIIcEQl465BdkPCZ4kYSZLMZF1XTUlc16DYxsb7FR97Y47VXvo3f9PGv8ctf/jy/8uUvcnFxwXd98rfxO37H97M3u4MRByLc3c4vHMcR1UxdVWTNLLslv/LlL9D6mr/6P/8MfkzkJGRNTCYzvuPj382P/4VfRLuRejbn5cMJxJ7jWwc8vP+QOwcTzt9cUpmW6Z7h9mGmbYUYBg5ne1ys+jLGwAqrdeKtBKt4yslZwljL7cYxmznWIXJ4uMf+4R6+rshRUPWAA1tBDohGTIw4VWoNWJfIaWekP0vcSIKcnj5c7B/dLinuAt5VeNfStoa9+RF377zMRz7ym+j7NeMwUNcT9md3riLqlzDO4l29vU6ZKeh9S/NtDf3393z14Vs8PHkT42CMkZwzR0cH3Hv5Nf7GZ3+BvT2lmlg2Fz113bJ/0KLAvM20VeK1l4/weQMEXr5juX1g+fqDNXfvlrY+bz0e+cr9juWo1BZeu2P54FFL3Sr3V5YPvnKH24e3SEYZh4wYRW0ip63U0IhPkTorVhNJMsPkYmeDPEPcSII8ePDlBQTO9o6oqj3m+4eliZsxCAbnKiqdMGmOQDKloNYgbF2l78AlOaAM4Jm0e3z0I9/JD37qB/niF36Bqa+ZtPPSKb52HN+5zf7E0TjlwaOOJxcZ8hmvHzfcPWx56XDNrcMpd2/NuDgNOF/x6itT3nrccbpWXJXxlWGIymZIVJXn2xeeN15umDcVWgn7dyd8ywdfoW2njLl0aElOSD6SUsZoRjRCCkgubl8ln/2bP/KTuyj6M8SNJMjZg68f57EndGtu3X4Z+BB7coypp7jSv2HbPhQozX++wYmXhSjGwOH+Eb/9t/wevuNbP8nZk0fkYUXtMpWzHMwa7uzXGCM8WRk2fWCz6ZnUwgcWh9y7NePOrUMm0ylx6BBjebJe88tfX7MZIMbIxQoqYN5a6rbioAXRyCp7yBWvLF7m4NY9fN0iOeKsEnJpNepyyQLwmrApUOVELt0ld+rVM8aNJIj242L95BFhtWRz8YQwrLn38oaj2y8xmexjTbVNFynHi0iRHsive91ybBnj7Kxjf3bIpJmxN91ndf4WoTul957pbI5tD1kvL6hqMHkAFZJ6umFkMqmYzBratmKYNKzWA48e96w2ihpDiCUSP517xpxwkjHO8/WzyGm34oPfss/i5Q8xnR+U+E1KJJexuXRr0ZzRXDotuhyJWioq2U2Ueua4kQRJURfOgEpic37OSf4lVpszzpevcPv2q+zt3aWpZ1jry7xCva5G/f1QipGK1FGcq2jblji25LjCVg13797jzp1Dvv7wLSpvuHurplkFJJdR0HcPZ8xmM6x3VLWje7zkYjmSU4l+W1Pq0rOWfK3DfY+tDeePBVvt88EPfiuvvPIak0npGF/S8DM+l6m3mi8HgGYqzSTNpQcwOwP9WeNGEmS1WS2CNjRSlw6cKyElpe82nD9+zMHhXQ6O7jLfO2Q6OaCqpjyVHuXne6lc277wbItayzYpbmRrLc5ZJm3Lyy/d5u98sWa93PDS7YYPvDTl8aMVIkpVT6nrA2KOpBBZLTs0RQ4mhmwEY2qsEU4verLCbGqIcWQ+97zx4df5+Le/wf7+Pt57VLUkUaYy3k1VydvJuwpkSptVVUXZuXifNW4kQZ6cnh3bC0fbtkynMyYTqLcDajbLDY8f3i9DcmZTprN99vYPmU73qOoZvmpw1pfZgsaWWm4pE22tdYUYCkm7Mt12jKQYEVGsNTR1w8HBPt/6La/zla895O/90pfZn1e89tItcoK6qanaKWIcNkTSIDw+7Zm2iQ+8skfAcL6KvPWkY9UHDqaWSW25feeQb/nwR3jjI9/BvZdepmobRMpkXckGNWWoj27HN2xtDjKQZUuYXZrJM8eNI8hf/NSn7Bem4fj0/Iwnp2/iq5pJM6edzGlnM5qmKYmLrsb7CvFfxVVlCm7VTmmaCU3T0tQtvipTnpyrMNYBmRgjMWaEgHcVbTunbQ8wImSNhDCSYmQ+nfGJj32Aw33HZNJwuNdi6kOqynP79hHeeyJCzrBaBvb3LR946Qiami9++T6PzpX5xPGBezNeWxzw4Y++wevf9q3cuvcSVTsBa68+s9GMiAURsuq2huXyJ2Qp6lbWHUGeNW4cQdLvenXxIVG6bsP5xQWr9Ya+DyxXTzhbPQIRnGvwvqGqamo/pa5bqsphnMN6hzWlzY8xb39ZMXhb4SqPrT23bt/jtVdnJft2DIShp+s61psNy9WSedvy+uIOvm5pZzMOb1nG9Zq9vSkI9GK5c/eIb/vWV8EM3Lpzl2raklVorKXrB16+1fD6q8fcOjqkrVqcGMy2eOsyPlPc10X9k630UC6nXxWl0SKgsjPSnzFuHEHuHC+OyZdVf5lNP7Bar7hYnbPqlqzX69IdcbVhGAZiGNCsVFWNq1qcq7DW43yFv/zpyssZi0GxztLOavYmB3jjSUPPZvWQoetIKTL0Paenp4hGKmuwWuazG2+JUuaob/oOk0tc5Y03XsU3jvlsAiQ+tLjDnXlNiKX/VQ4QT88AABj8SURBVO0tmpQwjuRYGkiYS4LothFDKXvk2lRPAC6HB6kq+J0N8qxx4whycb5eeFfGFFRVja9bZrM5t2/dIaRAiIEYAjFGurGnG0styDAMhBgYhpFhHOn7jnWMhJQYQiCMA3EccNZRVw13jm5xsDfj3p1bKHB2ekK3LpWJ52dnnJ2dIjkyrR11VWPcgK0MOQtDF0l9ou/OoR84OrpDNWlJOWFFqKqKdVJit0atI4YyOXez2tA2Kya+Rl1GpXSsN1lRNVsX9FPV6ur9liRBJjuCPGPcOIJ8+Vd+aWFt6VUl1lE3E7x3eO9K98S6pppMi4vXOTCGnHOpA4mBYRzo+4F+GEgxltmEOZJyYtP3pBTRlKicZ+gu+MqXP08YBh4/fkDX91hr0BDZLJfEoWdwwt7+PqvNQDOZkfseubjAjhG7Oseu1+T5PnEoNoU44fxiw5tvvkXKkb35HqvliiQGa8A7i61bbO0Ra0lse/GqwdrydV3ZHmw72qsicPa93/tPdS/si3mf4sYRZHl+sRARzLaG3Llqq6dzNfymaYqB7nxNM2lpmhbvHE07YT6ZchldN0awhtLwQNhKk4GwlUCoslldcPr4IQ8fPmC9WZNyYla39JsN6/MzBi+kGOhDop1MqYGLRxdM14m42RAOKiZ3B9I2FrOOI/fvv8Vy1VF5x9nZirOzDXdyYtLUWGep5nNqJhjnyswsLQVUqmBMSZVRATVy5a7WnYH+XHDjCKI5LVSkPOlVcW7EGIMxhnHoGbqOjXNlEm0u3RJLTUhF0xbPVWkON6WqG5q2xfka7zxt48g5M8SRmCIojP0GUpmX7nxF1/WkmMp16hojka7fsBkCq25D6xy+63ny6BxjLbWriasLrKtQhOVqxen5kpCUfugBmLQ1KQTWywtcU9N1a7IB64oL2mFwxl3NWEfK7EVVg1wOYZQdQZ4HbhxBEDku0XG9avRWNgsGQ0ql7iKEAJSCKVQZh4HNer2dB2LwvsRBvPdlIVqLdZ6q8tugoKNpW6yx1NWco6OKdrrPOPR0qxVn1iJENAyoZlxSujCyHCPN1MGrR6QxkK0iYcTkRD8MrNYdiOIqB1I+R936MpsdRQWGcSz18M5jxZKMJdtcxqvZQpAsgDEYsduWRbtuJs8DN44gxpjFJTmstZitjaGX0WV9GiOPMV4RaXsuGorrdBwGoIxUjjFuM3UrrHMIxQ1cVRViHc4VGydpxjhLO5uTFbyvicOGGAZwPYwDIY5kLa1H/azBoMQcyKGj64diqDvBektde5zzNHWFOI+4ChVhDANZFO8T3vqyT8FIQtUWu0pAszztTm92Lt7ngRtHEFUWOWdEhJwjSJEIApBLd8RxO+Nc9amKFULg8rzrZLrcH2NJC4ljKM0brKHbbMrQnW0el5R2V4gpzazrZlKkUT2hbjOzFBiGnpQyfdcTwkD2jpJiHDDe4EyZne5dqWMxxtM0E9rJpAQIjSGEnkgsRMWU9BcDzrqttHhqqKdtoqLshuY8F9wognzqU5+yKa3vXi7sEEdMNnhXESNYke0UqYKqqhiGgXEcrwhzKXUuMY4jTdNgxWABZTsSIbMloRaVJmdq7xEx5BQJEdK2TamzFuctVV3jXbWdkptwrkinnHNpewrENDIMA5BwzmGMMJ/tMZnOqZoaV9uSOlIyLLfdTEr7oUtpqDmBNWUO/LZtqtn1w3ouuFEEeePO+SLnsrhTKnNBvPfEnMrgThGcFHfqMAwlqDeMVFVV3MLXpEdJQDQMY8dqNVDVFcOYsMaCkW1dlV41lstaKhCNEYbQU+O2BEqErTSy1tL3PeM4Mp1O6br+SuWr6ra095GGdlKyc61xV7ZQzo4wQjYli9g6IYaE6oDPSpSStGgEjDWAkovmWDxduzys54IbRZAcw0K1uHc169VTVbelHiGMqPqSN5XzVVeTSzvlsv8uFMlhrFypWsPWJlGr23PKMWjG2UJKRyaHhEHJMSLGAHn7twMpGVKKgGO1WlHXNTknNpsN0+mMGAPWPc0qHoeOlDIxFEnUtC0ZxdcVTVOjusHYEv+o6wbnSvsf7yt85VHdFkoJ6K5Zw3PBjSJIH8PCYjBaDHThcsGXAThCsUGUYldA6a+bctHTvXNlLqCzJbkvZrx/+i8oDRyednu/NO5L55RECKEY7NZeqW3WloZ1qgmV8uT33tL3HYxlAGeOiXU6x3qHsRU5ZyCTcmAYA6gpaetJiDExDhvy2LLp1oAQtiPmrDXs7d0CDGKE2gnWClkztyd7OyP9OeBGEURUjhW9Mq5lKyk0Z4wxVFUZL6C6zXbViNnWoBtjUHIZ+VwmzRBTRORp8K1pGkIIb0sUFBHGcbyqCXnn+0sSXUqolBKr1RMmkwnA9qm/jXzn9Lbrx5gxBpyU+YXkRAhFNdQcihMCmDQTQiifc7M8Q4whpcyFlm1dt3nyR//sX99F0Z8DbhRBvLOLSy9ujPEq0/UqupwzsPVqCaVFZ4xb+6NIl0vD+tI2yFtyOeeu7IjLBXx5zKVaVuade5SikhVJwJVdc3m9pmmuzhHZTt0VIcWEClekK2PdFOcsfdcj1hBTQowQxhEnlmHoMZSUE+c8y+UF3pXzYorEEAhx1yzueeFGEcT5aqE5X3mGLnElSRSscVhryFvD/XLf5XGXsZHrBnvOmXEcyTnjnLuSBJfnKIUcGgLilbSVBNcDlmX4TtpetxDAWkuOaVtwVQKBThRjiictpXKPo5bYCak0s0aLlMs5Ya1j022IOW9VvFJlqCkV4zyMeGt36tVzwo0iCMoCuJIA3vu3Gd+XNR45h0KWbRQ9xPHtaeFbXEqL64HEvCXgdTVuHEcwBmcsm82GlHMJBm6DieU8LaRErrrEiwhqSklsjhFjzfbvX1cTDSFGwhgQaxBryCkjgKZEDhlbeZxz24fApUqXSvDQGFLaSZDnhZtFEFhcf/pfLrJLFass1LSVBBWll4mU0lq5Lmn0SvW6JAG8XVW6boc458hAjAFvLOIsWc3b1LCUMiGMADhX4iWX1xEpyZDF/olbQj79DONYqhSJQtu22zyyfFV/rjEg28+QUsKY0t4r9OGyxdGOIM8JN4ogIhxfj4anlJ42Nrj29C9tfgoxLqXNpb1y3fiGpx6qS8QYr7xTl4vfOVcMemdJKV91Sbk8JsYI6JUdA8Jms9mmqPirVJXLNqdsvW8h5O252zqoLVmstYTtdhEpEiZsECltVmOMCIaSpyh4V+0I8pzwa9sMfpPi05/+bh9ivKuAdR5jKkQ8xniMtVdNDIAr1+ul1HinXQFcEaZ0KnG/xtAubuKn3qkii0q1off+bd6rov4o1jqc81j71OgfxyJVUspPJVXWq3wvKJKvrusrlfF6K9Syr7qSfqVmPjGGQFYl5sQwbHY2yHPCjZEg81W9yPUAYrDGUE8bYkwIWhpSk8iarlQuY2C9OQdValcDFON9ez3VogpdGsNN02wXX3lyX5ciOaer7SJ5S4bSBqjrOtq2LU/9ELd/x9K2LZvN5tqijiX5UcqcQ9naSKrKMBbXrjH2SoI55+j7nhDGq/twzm1VrKfOAWstUXcq1vPCjSHIZnhkZfR/RZDF6NzCWntbjMX7ulTaSWkvap0t7txU1JHL0ruSL+VJlIVlpPTxLQusJ8Zhqw7VpJSv0uadc2w2a4yRqwXZtpMro7lIq0KC6zlf4zhepcJcxkyGYSgj3mQ7s70f6OPAdDbdSq9L1StcuZ8FaKqKPmdq39DnzdW0LCgxFVfvCPK88I22G/ymw6c//d1+vsqLqq6PVdzCYBbq7MI4tzBijlVlYaxZeGNv5xDKE9+7LUEyKZYFWW1TNpREzrqVKunK/VvSUHqm09lVbftl+oox5irwB9D3PVVV0fc9dV1f1aRcBiAv7aFJ3TL2PYoStcQ9nHOMY7ySHLPZjK7rsCI4U4iTk5AJW/vDEmIoyZabdfOZn/57wwv8Ot63uLEE+Ubxpz/93f6hv7cw3izEuEVGj1VYkGQRU1oAC2PlWOB2iAHVfCUFLg1+4EoKlIU8vk16OOfeFmW/PDdrmZ6bYqKpa6wxrFcrJu2Ese8BoQsdxhjatuX8fMlkMrkioaritxH24nGrGMdVIYqxRaUU8+RP/YX/89YL/Se/j/G+J8g3ij/5Q7+vfqBpIZqORepFJi7SGBfOV8fGyGIch0VWFk1dHwFXkuPSkwZcqVWX6hFcNla4VOkoXixVUgogln4I1L7MYx+HANtgptt6v8LQk2LAiMEYh/NCiEpScN5ijPziZ/7c5z7+ov5v73fcGBvkeeNf/cxPD8CXt6/3xJ/8od9Xn2taZCeLnFgYMcfW2oWqLrLqQkSOjZGFiByh28ELKmhOpG0qC0JpeWodNsGmW1K7Brkq8nIY4wCDNR4s+O0ErG4oE3vRhBUL7OyP54kdQf4B8Y0S6Yc/9T2t3ffHJrCImhdO7AKTFznnY4WFd9VCMQsYDyaTCZqFMUSsMYgxjGPJHLZGMLmMcigq27YlqXIZ7Ny5eJ8jdgR5TvgTP/HZjm+QSHGSFjKYRUrxWKRaaI6LMIRFGMdF7e2xs3aRcjpgm3msqmAsKStZ006CPEfsbJAbgh/5Zz4xHUZ/HEUXObEQYZHhmJz+2p/5yZ/7n170/e2www6/AfF+kCAO+ElgBTwAfg74r17oHe2wwzcRfpCnXXAUuADsr3vGDjv8BsLf4O0EUeATL/SOdtjhmwS/nV9LDgU+/SJvaof3D25Muvt74Ievvf+Ja+9/2//fN7LDDt9s+CBQKpXgMfAKJbNDgS+8wPvaYYdvCvwYT1WqP77d9iWezpY5ekH3tcMOLxwHFG+VAgF4dbv9v+Epab7/Xc77T4E/Bfw7FImzww7vS/wIT4nwF69t/6Fr2//ddznvJ67t/8H3uPYd4C8DnwG+59nc7g43FTcxF8tRiHCJH7v2/nPX3r/b4v78tfevv8f1/0XgD2zfV8Bn3+WYe8BfAu4DXwP+DWB8zzve4cbiJhLknwRe277/WeB/v7bvb1MWagX8VoqXLl/bf50gH3iXa1fAH732+3tJkH8M+Ie37/8Xfi05HPADFDf0a9t7+DKFbH8V2FX/7fDc8H/wVE36Z99l/+eu7f/2d+z7+LV9f+Vdzv1DvD2eEoG9dznuf7h2zB9+x77fTSHDu8VnFPg68I//Op/PAr8Z+P3A7wSOf51jd9jhbbgeGLwP1O9yzGeuHfPPv2NfTTHq38sV/De3+/77a9f4Pe84Zg50PE1rmV7b9ymeup5/vVcE/ol3+fv/wvZzvfP4nwf+NaB9l3N+o+AA+PeAfwn4vS/4Xr5p8Zd4umjWlIXzU8B/Cfz7wL8C/Jlrx/zn73KNv7vdt+HtyZrfx1Ov2OuUxEcF/tg7zv/Utev/F9e2vwH02+0PKK7nH9we/89RPGhfuXbuQwrZLvFv8fcn1v/63v8aPgr8x8BfpxD9rwF/gvePo+GjvP2BscM78CG+safz9dcvvMt1/vK1/feubb8k349vf/9vt7//j+84/89dO//73uW6S97bAVBRvG6X5/+R7faXKXbM5fYlxbb5LE+l1XsRxAL/IZB47//DT73js17HH9ne049RVLpvVlw+wP6f9s49xo6qjuOfttvaYktbEMxuISVKgWCiIoKPP0jQxGdUtInPxGCQiMH6iNEaSjSSUp9FIyIlkEiUAMYYTBWNGDWiQg0lClRN06hLq9a0my4LRbqt7frHd07md+eec++s3d1u6feTTHbmvObc2fM75/c4c+8EsPkY92VWEgODbY/DdNsQ60P+K6q0s6iFL21TWUsdpU8rzXxgtErfEdJPo3OATwAjSEB/hrbfbwA+CnwhlLmxqv/BkPYIsDz0dz4aHD8E7so8l5tbPottjXYTt4Qya5BT4TZgX5W2E61MubonVeUXZPKmmstCP78xA/c7roiBwTSIh4ALkUfpQyjucSuyH/aGsk0b4r0h751V2sbqOnrELgnlzq3SXhfS1oWyb6fdIG0ed1T1o3r15R7PoSnsb2i090tgdfVc3oYE80jIvznTZrS37kKrV66vW6ntrZegVSnZc+NoBX1Bj74fLVeEvnxyGu9zXBIDgw+0KH99KN+0IV4a8j6F7IAnquvVodwi6lXh8irtJuqV6cxQ9trQ5n/ore7E47aq/lUhbZhu71uJ34V6d5PffHp5KHOQ7i04W+nu1ziwK5O+Bq2ChzJ5E8hDV1LlEquAjwPfQqvXBjRR5byFkU+H+6zuU/aEYoBO47YUAY/E5bhpQyyiVqduoo6+/43uF62Sy/gWpE79o7puvgOeVqAkdAPIrrgYeCvyvHweGfU/RvGaf1PvIRuiU0U7DPwUDe6cagMS0LQ6jAODhXLQ6RpvPr9/hbxh5PlL3rKVyNhP+U+H890oDjVGp5DcUOjDqci+O0JeuPajlbT0luuXQtkLe3zWE4530zlDzW9RZ0WoM0L3Q99R5f0knH8s087Xq7xH0WAvDbIbQt76Fv3LcQX5lWccrTTNvWPvCGV+0aftr4Synw3p86gniyPIpmhyaaM/fwDeHPIX0eld3JFpY5D6Ofc7bszUBz2DVOZ5PT7rCUec/a6dRL1/hnrnNPI2U6scE0jFWkI376ry/wt8szofpTse8ZFwr9zWlLZcBPycvKDsQlv8E9Fu+Vqfdq8LZTeG9KGQvrdQ96xQ5iB5NS7Gp5q7BOYAv6UWwnvQqv0+pFpuRCtq/KyvydzjnirvqdKHPBFZhmbx7yEX5+mTqJvctBN0R7ujJ2kCzbA5zqTzHz8BbMqUixH6CfTPPxqG0JaX+xvtxrjOhpB+fZ/2riuUfXlIf6RQ91z6C9HKUKb5a7tRA7iyUH8OnRtNv58pk55FznVv/g+i4dz03rw/5B2i3tuVYyedg7T0tmIczIfQDJ9TWSbL1aHdbSE9uqt7eb5ALuJU9sMh/S0hPbf1BuQKT2VKAbrzQpnmNz3eF/IOI5vnYeQ9uxV5H69CtlqahIYz9/hTlfejQh+mhdm+WfGVwGvRsrq/+vtU5nqM7g2D65GnZJBuP/1WpAqdAfwKCUGJB6k9Vn9BXxKR40rgIaSqDaAZ/hrgNyh6fwCpaqcALwQuQCrT+cgrs6nQjz+G86jePB7OV/Xo/1w6o+lxBh4K57sL9eNesNK3OC4vlJlPZ/BxLvp/DAIvK7QFeRsjpT2eyZs2ZruAbEGDeUl1LA7np4frpejhlwRpDAXzkiD9GXh1yz7ciwT1+cDtPcptR8K8mXpQLQbeWB1NRpE6cjZabdYie+vXaLYcr+55dagTt/PfH87fhIQkZyC/h1o13VfdIxEFpDT425QZLJRZRT056Ufs25GzY5J7erhlG1PCbBcQ0Kw7Wh29GKC/IC1DD7vfivQEUpMAvlMd6R69eAjp7GuRGld6a/EZalUhDa4005f2To0DXw3X29Hq9io0CO9FtlZ0ElyGXNmJ26k/V7w3TJ2AxJUoxly2oAlksGoz/Y1HStvTaH8p9bMfLvRhWjgeBKQtkxWk5XQK01C4XopWmpzwxOsxOt83AUX816EA5YuqY2WVtxepaQ9Tq4SbqjY+QzmWMYoG/7ZG+ifQSrIAzdYPIBVkBE0MMZi5m25jvo2KVRr8pXaiEMXxtQSpmX+nzxd6060Sxx8Isoo1zbQVpIXUq1ASnOXIoG8rSGNoL1ZOkBIH0N6iTci9eQmyUU5BArUFvWuf6+/vkeB8u+ovSBhXNsrtRbGLfY30NgJyNGpYFITzkOrZ5ucamvZkFJDhFvWnjBNRQNpyoDpKrs3EVAhSur6PsjepxN3Iu7QO7QmLMZpngDuRRy83MKdKxSoJ2k40469EBvsXqbftTIY9KNaTJo0Z49nw5dXHCzlBal4fjWoHmvDOqdo7iIz90rvyA8iumYvcp4vIvwq8Bzk4QEK/K1PmURQLAgU7t4a8a+hU7b6L9tY17YxZiQVk9jETggSa0V+P1J5T0V6nJgvQKjqnamchnUZ+YoRaDVpB50qzAKmJF4S0g8hb9xi1oJyEVqIXo7jODwr9nlEsIMcvMyFI89DAHkTqTe5nJZ6DVLk5KBC4ENl5kdPQJs2LW362S9ELYyBB/hxSEXcywy9LWUCe/Uy3IM1BM/8KJEQlG2oAfan4GmSwl/grclakoOkZ1GrdCLW6NyNYQEyijSAtQ3ZKP0FK79eUOB+pUmdX7T6JBONBuncTXEQdIH2MGf5pCwuImSwzKUig3cQfQCvJbia3o/uosYCY6aKXIKUg7XPpFKRR8sK0n/6CNC1YQMyxZB4SkpORAJ2cuV6MHAFPI1Vsf/i7nWl2FztQaI4lh9Fgf7JPuXnkBWhhr0rGGGOMMcYYY4wxxhhjjDHGGGOMMcYYY4wxxhhjjDHGGGOMMcYYY4wxxhhjjDHGGGOMMcYYY4wxxhhjjDHGGGOMMcYYY4wxxhhjjDHGGGOMMcYYY4wxxhhjjDHGGGOMMcYYY4wxxhhjjDHGGGOMMcYYY4wxxhhjjDHGGGOMMcYYY4wxxhhjjDHGGGOMMcYYY4wxxhhjjDHGGGNmDf8DRdpVWc31pF8AAAAASUVORK5CYII="`;
